// 重构日志: 56cc6459
// 重构日志: 50954f85
// 重构日志: 7f4fc8ca
// 重构日志: 775fc936
// 重构日志: 20624f65
// 重构日志: e096b41a
// 重构日志: d531259d
// 同步 ID: c13a2677 @ Sun Jul 26 09:58:48 UTC 2026
// 同步 ID: 08e48fa4 @ Mon Jul 27 21:57:26 UTC 2026
// 重构日志: 7edc6493
// 同步 ID: 7c16c1ec @ Thu Jul 30 15:20:03 UTC 2026
// 同步 ID: 3990a8e6 @ Thu Jul 30 19:12:10 UTC 2026
// 重构日志: 6bfbf114
// 重构日志: d956f18b
// 重构日志: 35fe6577
// 同步 ID: e2084423 @ Mon Aug  3 09:02:41 UTC 2026
// 重构日志: 72446302
// 同步 ID: b943047a @ Thu Aug  6 01:39:10 UTC 2026
// 重构日志: c71e09e0
// 重构日志: 2aad001b
// 同步 ID: a3cc2c94 @ Fri Aug  7 01:00:37 UTC 2026
// 重构日志: 5013715b
// 重构日志: 49800941
// 同步 ID: 40e51e94 @ Fri Aug  7 17:15:36 UTC 2026
// 同步 ID: 87ba1991 @ Fri Aug  7 21:51:57 UTC 2026
// 同步 ID: 22f8c988 @ Fri Aug  7 22:05:02 UTC 2026
// 同步 ID: a8697408 @ Sat Aug  8 04:19:53 UTC 2026
// 重构日志: d06a7891
// 同步 ID: 93935b5a @ Sat Aug  8 06:38:25 UTC 2026
// 同步 ID: 1295c744 @ Sat Aug  8 10:07:50 UTC 2026
// 重构日志: 2e8fda62
// 重构日志: 340e7ed8
